// Jest Snapshot v1, https://goo.gl/fbAQLP

exports[`App Getlists Testing contains ScrollView 1`] = `
<RCTScrollView>
  <View />
</RCTScrollView>
`;

exports[`App Getlists Testing contains TextInput 1`] = `<TextInput />`;

exports[`App Getlists Testing contains TouchableOpacity 1`] = `
<View
  accessibilityComponentType={undefined}
  accessibilityLabel={undefined}
  accessibilityTraits={undefined}
  accessible={true}
  collapsable={undefined}
  hitSlop={undefined}
  isTVSelectable={true}
  nativeID={undefined}
  onLayout={undefined}
  onResponderGrant={[Function]}
  onResponderMove={[Function]}
  onResponderRelease={[Function]}
  onResponderTerminate={[Function]}
  onResponderTerminationRequest={[Function]}
  onStartShouldSetResponder={[Function]}
  style={
    Object {
      "opacity": 1,
    }
  }
  testID={undefined}
  tvParallaxProperties={undefined}
/>
`;

exports[`App Getlists Testing contains View 1`] = `<View />`;

exports[`App REactNAtive Testing contains TextInput 1`] = `<TextInput />`;

exports[`App REactNAtive Testing contains TouchableOpacity 1`] = `
<View
  accessibilityComponentType={undefined}
  accessibilityLabel={undefined}
  accessibilityTraits={undefined}
  accessible={true}
  collapsable={undefined}
  hitSlop={undefined}
  isTVSelectable={true}
  nativeID={undefined}
  onLayout={undefined}
  onResponderGrant={[Function]}
  onResponderMove={[Function]}
  onResponderRelease={[Function]}
  onResponderTerminate={[Function]}
  onResponderTerminationRequest={[Function]}
  onStartShouldSetResponder={[Function]}
  style={
    Object {
      "opacity": 1,
    }
  }
  testID={undefined}
  tvParallaxProperties={undefined}
/>
`;

exports[`App REactNAtive Testing contains View 1`] = `<View />`;
