// Jest Snapshot v1, https://goo.gl/fbAQLP

exports[`App ReactNativeTesting general test ...... 1`] = `
<TextInput
  autoCorrect={false}
  value="apple banana kiwi"
/>
`;
