// Jest Snapshot v1, https://goo.gl/fbAQLP

exports[`log in  Testing contains Image 1`] = `<Image />`;

exports[`log in  Testing contains StatusBar 1`] = `null`;

exports[`log in  Testing contains View 1`] = `<View />`;
